// Jest Snapshot v1, https://goo.gl/fbAQLP

exports[`<HomePage /> should render the page message 1`] = `
<div>
  <div>
    <WithStyles(ButtonAppBar) />
  </div>
  <img
    alt="banner"
    className="images"
    src="IMAGE_MOCK"
  />
  <br />
  <div>
    <WithStyles(SimpleAppBar) />
  </div>
</div>
`;
